ProgramID					ProgramName					ActivityID					ActivityName					
1					Prog1					100					Act1					
1					Prog1					101										
2										102					Act3					
2										103					Act4					
