name					value					type					
firstName					Michael					employeeType1					
firstName					Andrew					employeeType1					
