name					
top_1a					
inner_a					
inner2a					
inner3a					
inner4a					
inner5a					
inner6a					
inner7a					
inner_b					
inner2b					
inner3b					
inner4b					
inner5b					
inner6b					
inner7b					
