title					
The Bourne Identity					
The Bourne Supremacy 					
The Bourne Ultimatum					
 The Hound of the BaskerVilles					
Life of Pi					
The Namesake : A Novel 					
The Fortress of Solitude					
To Kill a Mockingbird 					
The Prince 					
The Runaway Jury 					
 The Rainmaker  					
A Painted House  					
The real life story					
Labyrinths of Reason : Paradox, Puzzles, and the Frailty of Knowledge 
					
Informal Logic : A Handbook for Critical Argument  					
Gaining Ground: A History of Landmaking in Boston   					
Building Communities from the Inside Out:  					
The Great Unraveling: 
 					
 Nickel and Dimed  					
