title					g:price					g:id					
Mead 8X42 BINOCULARS + 2.0MP Digital CAMERA..NEW					125.0 usd					120312553822					
Digital Camera Binocular					40.0 usd					270308883117					
Digital Camera Binoculars					65.0 usd					260332563353					
Binoculars 10x25 Digital Camera Video Photo Webcam 300k					48.5 usd					270309790555					
Digital Camera Binoculars					27.0 usd					110283087072					
Barska 5.0 Megapixel Digital Camera 8x32mm Binoculars					279.97 usd					250127811753					
NEW Bushnell Digital Camera Binoculars in RETAIL BOX					84.95 usd					260325275834					
MAGPIX B350 8x21 BINOCULAR - DIGITAL CAMERA BINOCULARS					37.75 usd					270306062945					
Premium Digital Camera Binoculars					30.0 usd					270317433088					
Binoculars w/ Digital Camera Built In. ViewCatcher, NIB					31.99 usd					280223026664					
NEW Bushnell Image View 5 MP Digital Camera Binoculars					174.89 usd					260331953658					
VIEWCATCHER 8X22 BINOCULAR DIGITAL CAMERA 8MB RAM					34.99 usd					120342265904					
VIVITAR DIGITAL CAMERA 10X25 BINOCULAR COMBO +ACCESSORY					28.99 usd					230312162966					
DIGITAL CAMERA BINOCULARS VIVITAR MAGNA CAM 1025 X 1					49.99 usd					270313550574					
Meade CaptureView (8x22) Binocular, DIGITAL CAMERA NEW					10.0 usd					150312554464					
Digital Camera Battery for Sony DSC-T2 DSC-T300 NP-BD1					17.99 usd					350129101411					
New replacement for Canon LP-E5 Digital Camera Battery					8.55 usd					140287865222					
Digital CAMERA Battery for Sony DSC-W35 DSC-W35 DSC-W55					22.79 usd					250322654916					
Digital Camera Battery for Sony DSC-T2 DSC-T200 NPFD1					17.99 usd					350129101460					
NP-100 digital camera Battery for Fuji MX-700 JVC QX3HD					14.99 usd					280271629563					
Digital Camera Battery for Sony DSC-T2 DSC-T200 NPFD1					17.99 usd					350130880580					
SIDO digital camera battery FREE SHIPPING					4.99 usd					370117950648					
FOR CANON NB-4L NB4L BRAND NEW DIGITAL CAMERA BATTERY					7.99 usd					220328291583					
Digital Camera Battery For Canon IXUS 85 IS ,IXY 25 IS					10.99 usd					350129101365					
Digital Camera Battery fr Sony DSC-T5 DSC-T9 NP-FT1 NEW					12.99 usd					350139068697					
