locationD					locationBook					locationC					locationB					locationA					
Newcastle					Sunderland					Paris					London					shanghai					
