author					
null					
null					
null					
Giada De Laurentiis					
null					
null					
null					
null					
null					
null					
null					
J K. Rowling					
null					
null					
null					
null					
null					
null					
James McGovern					
Per Bothner					
null					
null					
null					
null					
null					
null					
null					
Erik T. Ray					
R.C.Martin					
null					
null					
null					
null					
null					
null					
null					
null					
Norah Jones					
null					
null					
null					
null					
null					
