name					nest-2					nest-1					nest0					nest1					nest3					nest4					
top_1a					null					nest_top_OVERALL					nest_topa					nest_a					nest_2a					nest_3a					
inner_a					nest_top_OVERALL					nest_topa					nest_a					nest_2a					nest_3a					nest_4a					
inner2a					nest_topa					nest_a					nest_2a					nest_3a					nest_4a					nest_5a					
inner3a					nest_a					nest_2a					nest_3a					nest_4a					nest_5a					nest_6a					
inner4a					nest_2a					nest_3a					nest_4a					nest_5a					nest_6a					nest_7b					
inner5a					nest_3a					nest_4a					nest_5a					nest_6a					nest_7b					null					
inner6a					nest_4a					nest_5a					nest_6a					nest_7b					null					null					
inner7a					nest_5a					nest_6a					nest_7b					null					null					null					
inner_b					nest_top_OVERALL					nest_topa					nest_b					nest_2b					nest_3b					nest_4b					
inner2b					nest_topa					nest_b					nest_2b					nest_3b					nest_4b					nest_5b					
inner3b					nest_b					nest_2b					nest_3b					nest_4b					nest_5b					nest_6b					
inner4b					nest_2b					nest_3b					nest_4b					nest_5b					nest_6b					nest_7b					
inner5b					nest_3b					nest_4b					nest_5b					nest_6b					nest_7b					null					
inner6b					nest_4b					nest_5b					nest_6b					nest_7b					null					null					
inner7b					nest_5b					nest_6b					nest_7b					null					null					null					
