test_name					area_name					
Test 1					null					
Test 2					null					
Test 2.1					Area 1					
Test 3					null					
