title					
測試1册					
第二手册					
第三集					
我们					
他们					
