id					
block					
null					
Name					
Position					
