time					
2005-6-4 11:10:10					
2005-6-5 11:10:10					
