cat9					cat10					cat					
Everyday Italian					Everyday Italian					COOKING					
Harry Potter					Harry Potter					null					
XQuery Kick Start					XQuery Kick Start					WEB					
Learning XML					Learning XML					WEB					
