book.author					
Time Catth					
Richard Bach					
