  ROOT:0:0
    BookStore:1:1
      xsi:Book:1:2
        xsi:Title:1:3
        xsi:Author:1:3
        xsi:Date:1:3
        xsi:ISBN:1:3
        xsi:Publisher:1:3
      Book:1:2
        b:2:3
        a:2:3
        Title:1:3
        Author:1:3
        Date:1:3
        ISBN:1:3
        Publisher:1:3
