  ROOT:0:0 dataType:null
    Book:1:1 dataType:Book
      Book:1:2 dataType:Book
        Book:1:3 dataType:Book
          Book:1:4 dataType:Book
            Book:1:5 dataType:Book
              Book:1:6 dataType:Book
                Book:1:7 dataType:Book
                  Book:1:8 dataType:Book
                    Book:1:9 dataType:Book
                      Book:1:10 dataType:Book
