  ROOT:0:0
    ITEMS:1:1
      ITEMSROW:1:2
        ITEMCODE:1:3
        DESCRIPTION:1:3
        PRICEQUOTE:1:3
        QUANTITY:1:3
        CATEGORY:1:3
        ORDERID:1:3
