  ROOT:0:0
    purchaseOrder:1:1
      shipTo:1:2
        street:1:3
          street1:1:4
          street2:1:4
        city:1:3
        state:1:3
        zip:1:3
      billTo:1:2
        street:1:3
          street1:1:4
          street2:1:4
        city:1:3
        state:1:3
        zip:1:3
      shipDate:1:2
      item:1:2
