  ROOT:0:0
    BookStore:1:1
      Book:1:2
        Title:1:3
        Author:1:3
        Date:1:3
        ISBN:1:3
        Publisher:1:3
    Title:1:1
    Publisher:1:1
    Author:1:1
    Book:1:1
      Title:1:2
      Author:1:2
      Date:1:2
      ISBN:1:2
      Publisher:1:2
    Date:1:1
    ISBN:1:1
