  ROOT:0:0
    model:1:1
      package:1:2
        package:1:3
          package:1:4
            package:1:5
              package:1:6
                package:1:7
                  package:1:8
                    package:1:9
                      package:1:10
                      class:1:10
                      interface:1:10
                      diagram:1:10
                      name:2:10
                      fqn:2:10
                    class:1:9
                      attribute:1:10
                      operation:1:10
                      class:1:10
                      name:2:10
                      fqn:2:10
                    interface:1:9
                      attribute:1:10
                      operation:1:10
                      class:1:10
                      name:2:10
                      fqn:2:10
                    diagram:1:9
                      imagePath:2:10
                    name:2:9
                    fqn:2:9
                  class:1:8
                    attribute:1:9
                      name:2:10
                      fqn:2:10
                    operation:1:9
                      name:2:10
                      fqn:2:10
                    class:1:9
                      attribute:1:10
                      operation:1:10
                      class:1:10
                      name:2:10
                      fqn:2:10
                    name:2:9
                    fqn:2:9
                  interface:1:8
                    attribute:1:9
                      name:2:10
                      fqn:2:10
                    operation:1:9
                      name:2:10
                      fqn:2:10
                    class:1:9
                      attribute:1:10
                      operation:1:10
                      class:1:10
                      name:2:10
                      fqn:2:10
                    name:2:9
                    fqn:2:9
                  diagram:1:8
                    imagePath:2:9
                  name:2:8
                  fqn:2:8
                class:1:7
                  attribute:1:8
                    name:2:9
                    fqn:2:9
                  operation:1:8
                    name:2:9
                    fqn:2:9
                  class:1:8
                    attribute:1:9
                      name:2:10
                      fqn:2:10
                    operation:1:9
                      name:2:10
                      fqn:2:10
                    class:1:9
                      attribute:1:10
                      operation:1:10
                      class:1:10
                      name:2:10
                      fqn:2:10
                    name:2:9
                    fqn:2:9
                  name:2:8
                  fqn:2:8
                interface:1:7
                  attribute:1:8
                    name:2:9
                    fqn:2:9
                  operation:1:8
                    name:2:9
                    fqn:2:9
                  class:1:8
                    attribute:1:9
                      name:2:10
                      fqn:2:10
                    operation:1:9
                      name:2:10
                      fqn:2:10
                    class:1:9
                      attribute:1:10
                      operation:1:10
                      class:1:10
                      name:2:10
                      fqn:2:10
                    name:2:9
                    fqn:2:9
                  name:2:8
                  fqn:2:8
                diagram:1:7
                  imagePath:2:8
                name:2:7
                fqn:2:7
              class:1:6
                attribute:1:7
                  name:2:8
                  fqn:2:8
                operation:1:7
                  name:2:8
                  fqn:2:8
                class:1:7
                  attribute:1:8
                    name:2:9
                    fqn:2:9
                  operation:1:8
                    name:2:9
                    fqn:2:9
                  class:1:8
                    attribute:1:9
                      name:2:10
                      fqn:2:10
                    operation:1:9
                      name:2:10
                      fqn:2:10
                    class:1:9
                      attribute:1:10
                      operation:1:10
                      class:1:10
                      name:2:10
                      fqn:2:10
                    name:2:9
                    fqn:2:9
                  name:2:8
                  fqn:2:8
                name:2:7
                fqn:2:7
              interface:1:6
                attribute:1:7
                  name:2:8
                  fqn:2:8
                operation:1:7
                  name:2:8
                  fqn:2:8
                class:1:7
                  attribute:1:8
                    name:2:9
                    fqn:2:9
                  operation:1:8
                    name:2:9
                    fqn:2:9
                  class:1:8
                    attribute:1:9
                      name:2:10
                      fqn:2:10
                    operation:1:9
                      name:2:10
                      fqn:2:10
                    class:1:9
                      attribute:1:10
                      operation:1:10
                      class:1:10
                      name:2:10
                      fqn:2:10
                    name:2:9
                    fqn:2:9
                  name:2:8
                  fqn:2:8
                name:2:7
                fqn:2:7
              diagram:1:6
                imagePath:2:7
              name:2:6
              fqn:2:6
            class:1:5
              attribute:1:6
                name:2:7
                fqn:2:7
              operation:1:6
                name:2:7
                fqn:2:7
              class:1:6
                attribute:1:7
                  name:2:8
                  fqn:2:8
                operation:1:7
                  name:2:8
                  fqn:2:8
                class:1:7
                  attribute:1:8
                    name:2:9
                    fqn:2:9
                  operation:1:8
                    name:2:9
                    fqn:2:9
                  class:1:8
                    attribute:1:9
                      name:2:10
                      fqn:2:10
                    operation:1:9
                      name:2:10
                      fqn:2:10
                    class:1:9
                      attribute:1:10
                      operation:1:10
                      class:1:10
                      name:2:10
                      fqn:2:10
                    name:2:9
                    fqn:2:9
                  name:2:8
                  fqn:2:8
                name:2:7
                fqn:2:7
              name:2:6
              fqn:2:6
            interface:1:5
              attribute:1:6
                name:2:7
                fqn:2:7
              operation:1:6
                name:2:7
                fqn:2:7
              class:1:6
                attribute:1:7
                  name:2:8
                  fqn:2:8
                operation:1:7
                  name:2:8
                  fqn:2:8
                class:1:7
                  attribute:1:8
                    name:2:9
                    fqn:2:9
                  operation:1:8
                    name:2:9
                    fqn:2:9
                  class:1:8
                    attribute:1:9
                      name:2:10
                      fqn:2:10
                    operation:1:9
                      name:2:10
                      fqn:2:10
                    class:1:9
                      attribute:1:10
                      operation:1:10
                      class:1:10
                      name:2:10
                      fqn:2:10
                    name:2:9
                    fqn:2:9
                  name:2:8
                  fqn:2:8
                name:2:7
                fqn:2:7
              name:2:6
              fqn:2:6
            diagram:1:5
              imagePath:2:6
            name:2:5
            fqn:2:5
          class:1:4
            attribute:1:5
              name:2:6
              fqn:2:6
            operation:1:5
              name:2:6
              fqn:2:6
            class:1:5
              attribute:1:6
                name:2:7
                fqn:2:7
              operation:1:6
                name:2:7
                fqn:2:7
              class:1:6
                attribute:1:7
                  name:2:8
                  fqn:2:8
                operation:1:7
                  name:2:8
                  fqn:2:8
                class:1:7
                  attribute:1:8
                    name:2:9
                    fqn:2:9
                  operation:1:8
                    name:2:9
                    fqn:2:9
                  class:1:8
                    attribute:1:9
                      name:2:10
                      fqn:2:10
                    operation:1:9
                      name:2:10
                      fqn:2:10
                    class:1:9
                      attribute:1:10
                      operation:1:10
                      class:1:10
                      name:2:10
                      fqn:2:10
                    name:2:9
                    fqn:2:9
                  name:2:8
                  fqn:2:8
                name:2:7
                fqn:2:7
              name:2:6
              fqn:2:6
            name:2:5
            fqn:2:5
          interface:1:4
            attribute:1:5
              name:2:6
              fqn:2:6
            operation:1:5
              name:2:6
              fqn:2:6
            class:1:5
              attribute:1:6
                name:2:7
                fqn:2:7
              operation:1:6
                name:2:7
                fqn:2:7
              class:1:6
                attribute:1:7
                  name:2:8
                  fqn:2:8
                operation:1:7
                  name:2:8
                  fqn:2:8
                class:1:7
                  attribute:1:8
                    name:2:9
                    fqn:2:9
                  operation:1:8
                    name:2:9
                    fqn:2:9
                  class:1:8
                    attribute:1:9
                      name:2:10
                      fqn:2:10
                    operation:1:9
                      name:2:10
                      fqn:2:10
                    class:1:9
                      attribute:1:10
                      operation:1:10
                      class:1:10
                      name:2:10
                      fqn:2:10
                    name:2:9
                    fqn:2:9
                  name:2:8
                  fqn:2:8
                name:2:7
                fqn:2:7
              name:2:6
              fqn:2:6
            name:2:5
            fqn:2:5
          diagram:1:4
            imagePath:2:5
          name:2:4
          fqn:2:4
        class:1:3
          attribute:1:4
            name:2:5
            fqn:2:5
          operation:1:4
            name:2:5
            fqn:2:5
          class:1:4
            attribute:1:5
              name:2:6
              fqn:2:6
            operation:1:5
              name:2:6
              fqn:2:6
            class:1:5
              attribute:1:6
                name:2:7
                fqn:2:7
              operation:1:6
                name:2:7
                fqn:2:7
              class:1:6
                attribute:1:7
                  name:2:8
                  fqn:2:8
                operation:1:7
                  name:2:8
                  fqn:2:8
                class:1:7
                  attribute:1:8
                    name:2:9
                    fqn:2:9
                  operation:1:8
                    name:2:9
                    fqn:2:9
                  class:1:8
                    attribute:1:9
                      name:2:10
                      fqn:2:10
                    operation:1:9
                      name:2:10
                      fqn:2:10
                    class:1:9
                      attribute:1:10
                      operation:1:10
                      class:1:10
                      name:2:10
                      fqn:2:10
                    name:2:9
                    fqn:2:9
                  name:2:8
                  fqn:2:8
                name:2:7
                fqn:2:7
              name:2:6
              fqn:2:6
            name:2:5
            fqn:2:5
          name:2:4
          fqn:2:4
        interface:1:3
          attribute:1:4
            name:2:5
            fqn:2:5
          operation:1:4
            name:2:5
            fqn:2:5
          class:1:4
            attribute:1:5
              name:2:6
              fqn:2:6
            operation:1:5
              name:2:6
              fqn:2:6
            class:1:5
              attribute:1:6
                name:2:7
                fqn:2:7
              operation:1:6
                name:2:7
                fqn:2:7
              class:1:6
                attribute:1:7
                  name:2:8
                  fqn:2:8
                operation:1:7
                  name:2:8
                  fqn:2:8
                class:1:7
                  attribute:1:8
                    name:2:9
                    fqn:2:9
                  operation:1:8
                    name:2:9
                    fqn:2:9
                  class:1:8
                    attribute:1:9
                      name:2:10
                      fqn:2:10
                    operation:1:9
                      name:2:10
                      fqn:2:10
                    class:1:9
                      attribute:1:10
                      operation:1:10
                      class:1:10
                      name:2:10
                      fqn:2:10
                    name:2:9
                    fqn:2:9
                  name:2:8
                  fqn:2:8
                name:2:7
                fqn:2:7
              name:2:6
              fqn:2:6
            name:2:5
            fqn:2:5
          name:2:4
          fqn:2:4
        diagram:1:3
          imagePath:2:4
        name:2:3
        fqn:2:3
      class:1:2
        attribute:1:3
          name:2:4
          fqn:2:4
        operation:1:3
          name:2:4
          fqn:2:4
        class:1:3
          attribute:1:4
            name:2:5
            fqn:2:5
          operation:1:4
            name:2:5
            fqn:2:5
          class:1:4
            attribute:1:5
              name:2:6
              fqn:2:6
            operation:1:5
              name:2:6
              fqn:2:6
            class:1:5
              attribute:1:6
                name:2:7
                fqn:2:7
              operation:1:6
                name:2:7
                fqn:2:7
              class:1:6
                attribute:1:7
                  name:2:8
                  fqn:2:8
                operation:1:7
                  name:2:8
                  fqn:2:8
                class:1:7
                  attribute:1:8
                    name:2:9
                    fqn:2:9
                  operation:1:8
                    name:2:9
                    fqn:2:9
                  class:1:8
                    attribute:1:9
                      name:2:10
                      fqn:2:10
                    operation:1:9
                      name:2:10
                      fqn:2:10
                    class:1:9
                      attribute:1:10
                      operation:1:10
                      class:1:10
                      name:2:10
                      fqn:2:10
                    name:2:9
                    fqn:2:9
                  name:2:8
                  fqn:2:8
                name:2:7
                fqn:2:7
              name:2:6
              fqn:2:6
            name:2:5
            fqn:2:5
          name:2:4
          fqn:2:4
        name:2:3
        fqn:2:3
      interface:1:2
        attribute:1:3
          name:2:4
          fqn:2:4
        operation:1:3
          name:2:4
          fqn:2:4
        class:1:3
          attribute:1:4
            name:2:5
            fqn:2:5
          operation:1:4
            name:2:5
            fqn:2:5
          class:1:4
            attribute:1:5
              name:2:6
              fqn:2:6
            operation:1:5
              name:2:6
              fqn:2:6
            class:1:5
              attribute:1:6
                name:2:7
                fqn:2:7
              operation:1:6
                name:2:7
                fqn:2:7
              class:1:6
                attribute:1:7
                  name:2:8
                  fqn:2:8
                operation:1:7
                  name:2:8
                  fqn:2:8
                class:1:7
                  attribute:1:8
                    name:2:9
                    fqn:2:9
                  operation:1:8
                    name:2:9
                    fqn:2:9
                  class:1:8
                    attribute:1:9
                      name:2:10
                      fqn:2:10
                    operation:1:9
                      name:2:10
                      fqn:2:10
                    class:1:9
                      attribute:1:10
                      operation:1:10
                      class:1:10
                      name:2:10
                      fqn:2:10
                    name:2:9
                    fqn:2:9
                  name:2:8
                  fqn:2:8
                name:2:7
                fqn:2:7
              name:2:6
              fqn:2:6
            name:2:5
            fqn:2:5
          name:2:4
          fqn:2:4
        name:2:3
        fqn:2:3
      diagram:1:2
        imagePath:2:3
      name:2:2
      fqn:2:2
